// Jest Snapshot v1, https://goo.gl/fbAQLP

exports[`Testing ContactList component renders correctly 1`] = `
<View
  style={
    Object {
      "backgroundColor": "#fff",
      "flex": 1,
    }
  }
>
  <View
    style={
      Object {
        "alignItems": "center",
        "backgroundColor": "#eaeaea",
        "flexDirection": "row",
        "padding": 5,
      }
    }
  >
    <Text
      accessible={true}
      allowFontScaling={false}
      ellipsizeMode="tail"
      style={
        Array [
          Object {
            "color": "#ccc",
            "fontSize": 20,
          },
          Object {
            "padding": 10,
          },
          Object {
            "fontFamily": "FontAwesome",
            "fontStyle": "normal",
            "fontWeight": "normal",
          },
        ]
      }
    >
      
    </Text>
    <TextInput
      allowFontScaling={true}
      keyboardType="phone-pad"
      onChangeText={[Function]}
      placeholder="Search"
      style={
        Object {
          "backgroundColor": "#fff",
          "color": "#424242",
          "flex": 1,
          "fontSize": 20,
          "paddingLeft": 5,
        }
      }
      underlineColorAndroid="transparent"
      value=""
    />
  </View>
  <RCTScrollView
    style={
      Object {
        "flex": 1,
        "marginBottom": 10,
        "marginTop": 10,
      }
    }
  >
    <View />
  </RCTScrollView>
  <View
    accessibilityComponentType={undefined}
    accessibilityLabel={undefined}
    accessibilityTraits={undefined}
    accessible={true}
    hasTVPreferredFocus={undefined}
    hitSlop={undefined}
    isTVSelectable={true}
    nativeID={undefined}
    onLayout={undefined}
    onResponderGrant={[Function]}
    onResponderMove={[Function]}
    onResponderRelease={[Function]}
    onResponderTerminate={[Function]}
    onResponderTerminationRequest={[Function]}
    onStartShouldSetResponder={[Function]}
    style={null}
    testID={undefined}
    tvParallaxProperties={undefined}
  >
    <View
      style={null}
    >
      <Text
        accessible={true}
        allowFontScaling={true}
        ellipsizeMode="tail"
        style={
          Object {
            "backgroundColor": "#004e66",
            "color": "#fff",
            "padding": 5,
            "textAlign": "center",
          }
        }
      >
        <Text
          accessible={true}
          allowFontScaling={false}
          ellipsizeMode="tail"
          style={
            Array [
              Object {
                "color": "#fff",
                "fontSize": 35,
              },
              undefined,
              Object {
                "fontFamily": "FontAwesome",
                "fontStyle": "normal",
                "fontWeight": "normal",
              },
            ]
          }
        >
          
        </Text>
        Add new contact
      </Text>
    </View>
  </View>
</View>
`;

exports[`Testing app renders correctly 1`] = `
<View
  style={
    Object {
      "backgroundColor": "#fff",
      "flex": 1,
    }
  }
>
  <View
    style={
      Object {
        "alignItems": "center",
        "backgroundColor": "#eaeaea",
        "flexDirection": "row",
        "padding": 5,
      }
    }
  >
    <Text
      accessible={true}
      allowFontScaling={false}
      ellipsizeMode="tail"
      style={
        Array [
          Object {
            "color": "#ccc",
            "fontSize": 20,
          },
          Object {
            "padding": 10,
          },
          Object {
            "fontFamily": "FontAwesome",
            "fontStyle": "normal",
            "fontWeight": "normal",
          },
        ]
      }
    >
      
    </Text>
    <TextInput
      allowFontScaling={true}
      keyboardType="phone-pad"
      onChangeText={[Function]}
      placeholder="Search"
      style={
        Object {
          "backgroundColor": "#fff",
          "color": "#424242",
          "flex": 1,
          "fontSize": 20,
          "paddingLeft": 5,
        }
      }
      underlineColorAndroid="transparent"
      value=""
    />
  </View>
  <RCTScrollView
    style={
      Object {
        "flex": 1,
        "marginBottom": 10,
        "marginTop": 10,
      }
    }
  >
    <View />
  </RCTScrollView>
  <View
    accessibilityComponentType={undefined}
    accessibilityLabel={undefined}
    accessibilityTraits={undefined}
    accessible={true}
    hasTVPreferredFocus={undefined}
    hitSlop={undefined}
    isTVSelectable={true}
    nativeID={undefined}
    onLayout={undefined}
    onResponderGrant={[Function]}
    onResponderMove={[Function]}
    onResponderRelease={[Function]}
    onResponderTerminate={[Function]}
    onResponderTerminationRequest={[Function]}
    onStartShouldSetResponder={[Function]}
    style={null}
    testID={undefined}
    tvParallaxProperties={undefined}
  >
    <View
      style={null}
    >
      <Text
        accessible={true}
        allowFontScaling={true}
        ellipsizeMode="tail"
        style={
          Object {
            "backgroundColor": "#004e66",
            "color": "#fff",
            "padding": 5,
            "textAlign": "center",
          }
        }
      >
        <Text
          accessible={true}
          allowFontScaling={false}
          ellipsizeMode="tail"
          style={
            Array [
              Object {
                "color": "#fff",
                "fontSize": 35,
              },
              undefined,
              Object {
                "fontFamily": "FontAwesome",
                "fontStyle": "normal",
                "fontWeight": "normal",
              },
            ]
          }
        >
          
        </Text>
        Add new contact
      </Text>
    </View>
  </View>
</View>
`;

exports[`Testing renders correctly 1`] = `
<View
  style={
    Object {
      "backgroundColor": "#fff",
      "flex": 1,
    }
  }
>
  <View
    style={
      Object {
        "alignItems": "center",
        "backgroundColor": "#eaeaea",
        "flexDirection": "row",
        "padding": 5,
      }
    }
  >
    <Text
      accessible={true}
      allowFontScaling={false}
      ellipsizeMode="tail"
      style={
        Array [
          Object {
            "color": "#ccc",
            "fontSize": 20,
          },
          Object {
            "padding": 10,
          },
          Object {
            "fontFamily": "FontAwesome",
            "fontStyle": "normal",
            "fontWeight": "normal",
          },
        ]
      }
    >
      
    </Text>
    <TextInput
      allowFontScaling={true}
      keyboardType="phone-pad"
      onChangeText={[Function]}
      placeholder="Search"
      style={
        Object {
          "backgroundColor": "#fff",
          "color": "#424242",
          "flex": 1,
          "fontSize": 20,
          "paddingLeft": 5,
        }
      }
      underlineColorAndroid="transparent"
      value=""
    />
  </View>
  <RCTScrollView
    style={
      Object {
        "flex": 1,
        "marginBottom": 10,
        "marginTop": 10,
      }
    }
  >
    <View />
  </RCTScrollView>
  <View
    accessibilityComponentType={undefined}
    accessibilityLabel={undefined}
    accessibilityTraits={undefined}
    accessible={true}
    hasTVPreferredFocus={undefined}
    hitSlop={undefined}
    isTVSelectable={true}
    nativeID={undefined}
    onLayout={undefined}
    onResponderGrant={[Function]}
    onResponderMove={[Function]}
    onResponderRelease={[Function]}
    onResponderTerminate={[Function]}
    onResponderTerminationRequest={[Function]}
    onStartShouldSetResponder={[Function]}
    style={null}
    testID={undefined}
    tvParallaxProperties={undefined}
  >
    <View
      style={null}
    >
      <Text
        accessible={true}
        allowFontScaling={true}
        ellipsizeMode="tail"
        style={
          Object {
            "backgroundColor": "#004e66",
            "color": "#fff",
            "padding": 5,
            "textAlign": "center",
          }
        }
      >
        <Text
          accessible={true}
          allowFontScaling={false}
          ellipsizeMode="tail"
          style={
            Array [
              Object {
                "color": "#fff",
                "fontSize": 35,
              },
              undefined,
              Object {
                "fontFamily": "FontAwesome",
                "fontStyle": "normal",
                "fontWeight": "normal",
              },
            ]
          }
        >
          
        </Text>
        Add new contact
      </Text>
    </View>
  </View>
</View>
`;

exports[`renders correctly 1`] = `
<View
  style={
    Object {
      "backgroundColor": "#fff",
      "flex": 1,
    }
  }
>
  <View
    style={
      Object {
        "alignItems": "center",
        "backgroundColor": "#eaeaea",
        "flexDirection": "row",
        "padding": 5,
      }
    }
  >
    <Text
      accessible={true}
      allowFontScaling={false}
      ellipsizeMode="tail"
      style={
        Array [
          Object {
            "color": "#ccc",
            "fontSize": 20,
          },
          Object {
            "padding": 10,
          },
          Object {
            "fontFamily": "FontAwesome",
            "fontStyle": "normal",
            "fontWeight": "normal",
          },
        ]
      }
    >
      
    </Text>
    <TextInput
      allowFontScaling={true}
      keyboardType="phone-pad"
      onChangeText={[Function]}
      placeholder="Search"
      style={
        Object {
          "backgroundColor": "#fff",
          "color": "#424242",
          "flex": 1,
          "fontSize": 20,
          "paddingLeft": 5,
        }
      }
      underlineColorAndroid="transparent"
      value=""
    />
  </View>
  <RCTScrollView
    style={
      Object {
        "flex": 1,
        "marginBottom": 10,
        "marginTop": 10,
      }
    }
  >
    <View />
  </RCTScrollView>
  <View
    accessibilityComponentType={undefined}
    accessibilityLabel={undefined}
    accessibilityTraits={undefined}
    accessible={true}
    hasTVPreferredFocus={undefined}
    hitSlop={undefined}
    isTVSelectable={true}
    nativeID={undefined}
    onLayout={undefined}
    onResponderGrant={[Function]}
    onResponderMove={[Function]}
    onResponderRelease={[Function]}
    onResponderTerminate={[Function]}
    onResponderTerminationRequest={[Function]}
    onStartShouldSetResponder={[Function]}
    style={null}
    testID={undefined}
    tvParallaxProperties={undefined}
  >
    <View
      style={null}
    >
      <Text
        accessible={true}
        allowFontScaling={true}
        ellipsizeMode="tail"
        style={
          Object {
            "backgroundColor": "#004e66",
            "color": "#fff",
            "padding": 5,
            "textAlign": "center",
          }
        }
      >
        <Text
          accessible={true}
          allowFontScaling={false}
          ellipsizeMode="tail"
          style={
            Array [
              Object {
                "color": "#fff",
                "fontSize": 35,
              },
              undefined,
              Object {
                "fontFamily": "FontAwesome",
                "fontStyle": "normal",
                "fontWeight": "normal",
              },
            ]
          }
        >
          
        </Text>
        Add new contact
      </Text>
    </View>
  </View>
</View>
`;
